C:\Users\Admin\Documents\GitHub\Api_SprintBoot\src\main\java\com\hospital\backend\admin\controller\ApiStatusController.java
C:\Users\Admin\Documents\GitHub\Api_SprintBoot\src\main\java\com\hospital\backend\admin\controller\DashboardController.java
C:\Users\Admin\Documents\GitHub\Api_SprintBoot\src\main\java\com\hospital\backend\admin\controller\HospitalSettingController.java
C:\Users\Admin\Documents\GitHub\Api_SprintBoot\src\main\java\com\hospital\backend\admin\dto\DashboardResponse.java
C:\Users\Admin\Documents\GitHub\Api_SprintBoot\src\main\java\com\hospital\backend\admin\dto\SettingRequest.java
C:\Users\Admin\Documents\GitHub\Api_SprintBoot\src\main\java\com\hospital\backend\admin\dto\SettingResponse.java
C:\Users\Admin\Documents\GitHub\Api_SprintBoot\src\main\java\com\hospital\backend\admin\entity\HospitalSetting.java
C:\Users\Admin\Documents\GitHub\Api_SprintBoot\src\main\java\com\hospital\backend\admin\repository\HospitalSettingRepository.java
C:\Users\Admin\Documents\GitHub\Api_SprintBoot\src\main\java\com\hospital\backend\admin\service\DashboardService.java
C:\Users\Admin\Documents\GitHub\Api_SprintBoot\src\main\java\com\hospital\backend\admin\service\HospitalSettingService.java
C:\Users\Admin\Documents\GitHub\Api_SprintBoot\src\main\java\com\hospital\backend\analytics\controller\AnalyticsController.java
C:\Users\Admin\Documents\GitHub\Api_SprintBoot\src\main\java\com\hospital\backend\analytics\controller\AuditController.java
C:\Users\Admin\Documents\GitHub\Api_SprintBoot\src\main\java\com\hospital\backend\analytics\dto\AnalyticsRequest.java
C:\Users\Admin\Documents\GitHub\Api_SprintBoot\src\main\java\com\hospital\backend\analytics\dto\AnalyticsResponse.java
C:\Users\Admin\Documents\GitHub\Api_SprintBoot\src\main\java\com\hospital\backend\analytics\dto\AuditLogResponse.java
C:\Users\Admin\Documents\GitHub\Api_SprintBoot\src\main\java\com\hospital\backend\analytics\entity\AnalyticsCache.java
C:\Users\Admin\Documents\GitHub\Api_SprintBoot\src\main\java\com\hospital\backend\analytics\entity\AuditLog.java
C:\Users\Admin\Documents\GitHub\Api_SprintBoot\src\main\java\com\hospital\backend\analytics\repository\AnalyticsCacheRepository.java
C:\Users\Admin\Documents\GitHub\Api_SprintBoot\src\main\java\com\hospital\backend\analytics\repository\AuditLogRepository.java
C:\Users\Admin\Documents\GitHub\Api_SprintBoot\src\main\java\com\hospital\backend\analytics\service\AnalyticsService.java
C:\Users\Admin\Documents\GitHub\Api_SprintBoot\src\main\java\com\hospital\backend\analytics\service\AnalyticsServiceImpl.java
C:\Users\Admin\Documents\GitHub\Api_SprintBoot\src\main\java\com\hospital\backend\analytics\service\AuditService.java
C:\Users\Admin\Documents\GitHub\Api_SprintBoot\src\main\java\com\hospital\backend\analytics\service\ReportService.java
C:\Users\Admin\Documents\GitHub\Api_SprintBoot\src\main\java\com\hospital\backend\appointment\controller\AppointmentController.java
C:\Users\Admin\Documents\GitHub\Api_SprintBoot\src\main\java\com\hospital\backend\appointment\dto\request\AvailableSlotsRequest.java
C:\Users\Admin\Documents\GitHub\Api_SprintBoot\src\main\java\com\hospital\backend\appointment\dto\request\CreateAppointmentRequest.java
C:\Users\Admin\Documents\GitHub\Api_SprintBoot\src\main\java\com\hospital\backend\appointment\dto\request\UpdateAppointmentRequest.java
C:\Users\Admin\Documents\GitHub\Api_SprintBoot\src\main\java\com\hospital\backend\appointment\dto\response\AppointmentResponse.java
C:\Users\Admin\Documents\GitHub\Api_SprintBoot\src\main\java\com\hospital\backend\appointment\dto\response\AppointmentSummaryResponse.java
C:\Users\Admin\Documents\GitHub\Api_SprintBoot\src\main\java\com\hospital\backend\appointment\dto\response\AvailableSlotResponse.java
C:\Users\Admin\Documents\GitHub\Api_SprintBoot\src\main\java\com\hospital\backend\appointment\entity\Appointment.java
C:\Users\Admin\Documents\GitHub\Api_SprintBoot\src\main\java\com\hospital\backend\appointment\repository\AppointmentRepository.java
C:\Users\Admin\Documents\GitHub\Api_SprintBoot\src\main\java\com\hospital\backend\appointment\service\AppointmentService.java
C:\Users\Admin\Documents\GitHub\Api_SprintBoot\src\main\java\com\hospital\backend\appointment\service\AvailabilityService.java
C:\Users\Admin\Documents\GitHub\Api_SprintBoot\src\main\java\com\hospital\backend\auth\controller\AuthController.java
C:\Users\Admin\Documents\GitHub\Api_SprintBoot\src\main\java\com\hospital\backend\auth\dto\request\LoginRequest.java
C:\Users\Admin\Documents\GitHub\Api_SprintBoot\src\main\java\com\hospital\backend\auth\dto\request\RegisterRequest.java
C:\Users\Admin\Documents\GitHub\Api_SprintBoot\src\main\java\com\hospital\backend\auth\dto\response\AuthResponse.java
C:\Users\Admin\Documents\GitHub\Api_SprintBoot\src\main\java\com\hospital\backend\auth\entity\User.java
C:\Users\Admin\Documents\GitHub\Api_SprintBoot\src\main\java\com\hospital\backend\auth\repository\UserRepository.java
C:\Users\Admin\Documents\GitHub\Api_SprintBoot\src\main\java\com\hospital\backend\auth\service\AuthService.java
C:\Users\Admin\Documents\GitHub\Api_SprintBoot\src\main\java\com\hospital\backend\auth\service\UserService.java
C:\Users\Admin\Documents\GitHub\Api_SprintBoot\src\main\java\com\hospital\backend\catalog\controller\DocumentTypeController.java
C:\Users\Admin\Documents\GitHub\Api_SprintBoot\src\main\java\com\hospital\backend\catalog\controller\PaymentMethodController.java
C:\Users\Admin\Documents\GitHub\Api_SprintBoot\src\main\java\com\hospital\backend\catalog\controller\SpecialtyController.java
C:\Users\Admin\Documents\GitHub\Api_SprintBoot\src\main\java\com\hospital\backend\catalog\dto\DocumentTypeResponse.java
C:\Users\Admin\Documents\GitHub\Api_SprintBoot\src\main\java\com\hospital\backend\catalog\dto\PaymentMethodResponse.java
C:\Users\Admin\Documents\GitHub\Api_SprintBoot\src\main\java\com\hospital\backend\catalog\dto\request\DocumentTypeRequest.java
C:\Users\Admin\Documents\GitHub\Api_SprintBoot\src\main\java\com\hospital\backend\catalog\dto\request\PaymentMethodRequest.java
C:\Users\Admin\Documents\GitHub\Api_SprintBoot\src\main\java\com\hospital\backend\catalog\dto\request\SpecialtyRequest.java
C:\Users\Admin\Documents\GitHub\Api_SprintBoot\src\main\java\com\hospital\backend\catalog\dto\response\DocumentTypeResponse.java
C:\Users\Admin\Documents\GitHub\Api_SprintBoot\src\main\java\com\hospital\backend\catalog\dto\response\PaymentMethodResponse.java
C:\Users\Admin\Documents\GitHub\Api_SprintBoot\src\main\java\com\hospital\backend\catalog\dto\response\SpecialtyResponse.java
C:\Users\Admin\Documents\GitHub\Api_SprintBoot\src\main\java\com\hospital\backend\catalog\dto\SpecialtyResponse.java
C:\Users\Admin\Documents\GitHub\Api_SprintBoot\src\main\java\com\hospital\backend\catalog\entity\DocumentType.java
C:\Users\Admin\Documents\GitHub\Api_SprintBoot\src\main\java\com\hospital\backend\catalog\entity\PaymentMethod.java
C:\Users\Admin\Documents\GitHub\Api_SprintBoot\src\main\java\com\hospital\backend\catalog\entity\Specialty.java
C:\Users\Admin\Documents\GitHub\Api_SprintBoot\src\main\java\com\hospital\backend\catalog\repository\DocumentTypeRepository.java
C:\Users\Admin\Documents\GitHub\Api_SprintBoot\src\main\java\com\hospital\backend\catalog\repository\PaymentMethodRepository.java
C:\Users\Admin\Documents\GitHub\Api_SprintBoot\src\main\java\com\hospital\backend\catalog\repository\SpecialtyRepository.java
C:\Users\Admin\Documents\GitHub\Api_SprintBoot\src\main\java\com\hospital\backend\catalog\service\DocumentTypeService.java
C:\Users\Admin\Documents\GitHub\Api_SprintBoot\src\main\java\com\hospital\backend\catalog\service\PaymentMethodService.java
C:\Users\Admin\Documents\GitHub\Api_SprintBoot\src\main\java\com\hospital\backend\catalog\service\SpecialtyService.java
C:\Users\Admin\Documents\GitHub\Api_SprintBoot\src\main\java\com\hospital\backend\chatbot\controller\ChatbotController.java
C:\Users\Admin\Documents\GitHub\Api_SprintBoot\src\main\java\com\hospital\backend\chatbot\dto\request\ChatbotQueryRequest.java
C:\Users\Admin\Documents\GitHub\Api_SprintBoot\src\main\java\com\hospital\backend\chatbot\dto\request\FeedbackRequest.java
C:\Users\Admin\Documents\GitHub\Api_SprintBoot\src\main\java\com\hospital\backend\chatbot\dto\request\KnowledgeBaseEntryRequest.java
C:\Users\Admin\Documents\GitHub\Api_SprintBoot\src\main\java\com\hospital\backend\chatbot\dto\response\ChatbotResponse.java
C:\Users\Admin\Documents\GitHub\Api_SprintBoot\src\main\java\com\hospital\backend\chatbot\dto\response\ConversationResponse.java
C:\Users\Admin\Documents\GitHub\Api_SprintBoot\src\main\java\com\hospital\backend\chatbot\dto\response\KnowledgeBaseEntryResponse.java
C:\Users\Admin\Documents\GitHub\Api_SprintBoot\src\main\java\com\hospital\backend\chatbot\dto\response\KnowledgeBaseReferenceResponse.java
C:\Users\Admin\Documents\GitHub\Api_SprintBoot\src\main\java\com\hospital\backend\chatbot\entity\ChatbotConversation.java
C:\Users\Admin\Documents\GitHub\Api_SprintBoot\src\main\java\com\hospital\backend\chatbot\entity\ChatbotKnowledgeBase.java
C:\Users\Admin\Documents\GitHub\Api_SprintBoot\src\main\java\com\hospital\backend\chatbot\repository\ChatbotConversationRepository.java
C:\Users\Admin\Documents\GitHub\Api_SprintBoot\src\main\java\com\hospital\backend\chatbot\repository\ChatbotKnowledgeBaseRepository.java
C:\Users\Admin\Documents\GitHub\Api_SprintBoot\src\main\java\com\hospital\backend\chatbot\service\ChatbotKnowledgeService.java
C:\Users\Admin\Documents\GitHub\Api_SprintBoot\src\main\java\com\hospital\backend\chatbot\service\ChatbotService.java
C:\Users\Admin\Documents\GitHub\Api_SprintBoot\src\main\java\com\hospital\backend\common\dto\ApiResponse.java
C:\Users\Admin\Documents\GitHub\Api_SprintBoot\src\main\java\com\hospital\backend\common\dto\ErrorResponse.java
C:\Users\Admin\Documents\GitHub\Api_SprintBoot\src\main\java\com\hospital\backend\common\dto\PageRequest.java
C:\Users\Admin\Documents\GitHub\Api_SprintBoot\src\main\java\com\hospital\backend\common\dto\PageResponse.java
C:\Users\Admin\Documents\GitHub\Api_SprintBoot\src\main\java\com\hospital\backend\common\entity\AuditEntity.java
C:\Users\Admin\Documents\GitHub\Api_SprintBoot\src\main\java\com\hospital\backend\common\entity\BaseEntity.java
C:\Users\Admin\Documents\GitHub\Api_SprintBoot\src\main\java\com\hospital\backend\common\exception\BusinessException.java
C:\Users\Admin\Documents\GitHub\Api_SprintBoot\src\main\java\com\hospital\backend\common\exception\GlobalExceptionHandler.java
C:\Users\Admin\Documents\GitHub\Api_SprintBoot\src\main\java\com\hospital\backend\common\exception\ResourceNotFoundException.java
C:\Users\Admin\Documents\GitHub\Api_SprintBoot\src\main\java\com\hospital\backend\common\exception\UnauthorizedException.java
C:\Users\Admin\Documents\GitHub\Api_SprintBoot\src\main\java\com\hospital\backend\common\exception\ValidationException.java
C:\Users\Admin\Documents\GitHub\Api_SprintBoot\src\main\java\com\hospital\backend\common\util\Constants.java
C:\Users\Admin\Documents\GitHub\Api_SprintBoot\src\main\java\com\hospital\backend\common\util\DateUtils.java
C:\Users\Admin\Documents\GitHub\Api_SprintBoot\src\main\java\com\hospital\backend\common\util\ValidationUtils.java
C:\Users\Admin\Documents\GitHub\Api_SprintBoot\src\main\java\com\hospital\backend\config\CorsConfig.java
C:\Users\Admin\Documents\GitHub\Api_SprintBoot\src\main\java\com\hospital\backend\config\DatabaseConfig.java
C:\Users\Admin\Documents\GitHub\Api_SprintBoot\src\main\java\com\hospital\backend\config\JwtProperties.java
C:\Users\Admin\Documents\GitHub\Api_SprintBoot\src\main\java\com\hospital\backend\config\OpenApiConfig.java
C:\Users\Admin\Documents\GitHub\Api_SprintBoot\src\main\java\com\hospital\backend\config\PropertiesConfig.java
C:\Users\Admin\Documents\GitHub\Api_SprintBoot\src\main\java\com\hospital\backend\config\SecurityConfig.java
C:\Users\Admin\Documents\GitHub\Api_SprintBoot\src\main\java\com\hospital\backend\config\SecurityConfigDebug.java
C:\Users\Admin\Documents\GitHub\Api_SprintBoot\src\main\java\com\hospital\backend\config\SwaggerConfig.java
C:\Users\Admin\Documents\GitHub\Api_SprintBoot\src\main\java\com\hospital\backend\config\SwaggerConfigFix.java
C:\Users\Admin\Documents\GitHub\Api_SprintBoot\src\main\java\com\hospital\backend\config\SwaggerController.java
C:\Users\Admin\Documents\GitHub\Api_SprintBoot\src\main\java\com\hospital\backend\config\SwaggerDirectController.java
C:\Users\Admin\Documents\GitHub\Api_SprintBoot\src\main\java\com\hospital\backend\config\SwaggerIndexController.java
C:\Users\Admin\Documents\GitHub\Api_SprintBoot\src\main\java\com\hospital\backend\config\SwaggerRedirectConfig.java
C:\Users\Admin\Documents\GitHub\Api_SprintBoot\src\main\java\com\hospital\backend\config\SwaggerUIConfig.java
C:\Users\Admin\Documents\GitHub\Api_SprintBoot\src\main\java\com\hospital\backend\config\WebConfig.java
C:\Users\Admin\Documents\GitHub\Api_SprintBoot\src\main\java\com\hospital\backend\enums\AppointmentStatus.java
C:\Users\Admin\Documents\GitHub\Api_SprintBoot\src\main\java\com\hospital\backend\enums\BloodType.java
C:\Users\Admin\Documents\GitHub\Api_SprintBoot\src\main\java\com\hospital\backend\enums\DataType.java
C:\Users\Admin\Documents\GitHub\Api_SprintBoot\src\main\java\com\hospital\backend\enums\DeliveryMethod.java
C:\Users\Admin\Documents\GitHub\Api_SprintBoot\src\main\java\com\hospital\backend\enums\FileType.java
C:\Users\Admin\Documents\GitHub\Api_SprintBoot\src\main\java\com\hospital\backend\enums\Gender.java
C:\Users\Admin\Documents\GitHub\Api_SprintBoot\src\main\java\com\hospital\backend\enums\NotificationType.java
C:\Users\Admin\Documents\GitHub\Api_SprintBoot\src\main\java\com\hospital\backend\enums\OperationType.java
C:\Users\Admin\Documents\GitHub\Api_SprintBoot\src\main\java\com\hospital\backend\enums\PaymentMethodType.java
C:\Users\Admin\Documents\GitHub\Api_SprintBoot\src\main\java\com\hospital\backend\enums\PaymentStatus.java
C:\Users\Admin\Documents\GitHub\Api_SprintBoot\src\main\java\com\hospital\backend\enums\PeriodType.java
C:\Users\Admin\Documents\GitHub\Api_SprintBoot\src\main\java\com\hospital\backend\enums\SeverityLevel.java
C:\Users\Admin\Documents\GitHub\Api_SprintBoot\src\main\java\com\hospital\backend\enums\UploadSource.java
C:\Users\Admin\Documents\GitHub\Api_SprintBoot\src\main\java\com\hospital\backend\enums\UserRole.java
C:\Users\Admin\Documents\GitHub\Api_SprintBoot\src\main\java\com\hospital\backend\HospitalApiApplication.java
C:\Users\Admin\Documents\GitHub\Api_SprintBoot\src\main\java\com\hospital\backend\medical\controller\MedicalAttachmentController.java
C:\Users\Admin\Documents\GitHub\Api_SprintBoot\src\main\java\com\hospital\backend\medical\controller\MedicalRecordController.java
C:\Users\Admin\Documents\GitHub\Api_SprintBoot\src\main\java\com\hospital\backend\medical\controller\PrescriptionController.java
C:\Users\Admin\Documents\GitHub\Api_SprintBoot\src\main\java\com\hospital\backend\medical\dto\request\CreateMedicalAttachmentRequest.java
C:\Users\Admin\Documents\GitHub\Api_SprintBoot\src\main\java\com\hospital\backend\medical\dto\request\CreateMedicalRecordRequest.java
C:\Users\Admin\Documents\GitHub\Api_SprintBoot\src\main\java\com\hospital\backend\medical\dto\request\CreatePrescriptionRequest.java
C:\Users\Admin\Documents\GitHub\Api_SprintBoot\src\main\java\com\hospital\backend\medical\dto\request\UploadAttachmentRequest.java
C:\Users\Admin\Documents\GitHub\Api_SprintBoot\src\main\java\com\hospital\backend\medical\dto\response\MedicalAttachmentResponse.java
C:\Users\Admin\Documents\GitHub\Api_SprintBoot\src\main\java\com\hospital\backend\medical\dto\response\MedicalRecordResponse.java
C:\Users\Admin\Documents\GitHub\Api_SprintBoot\src\main\java\com\hospital\backend\medical\dto\response\PrescriptionResponse.java
C:\Users\Admin\Documents\GitHub\Api_SprintBoot\src\main\java\com\hospital\backend\medical\entity\MedicalAttachment.java
C:\Users\Admin\Documents\GitHub\Api_SprintBoot\src\main\java\com\hospital\backend\medical\entity\MedicalRecord.java
C:\Users\Admin\Documents\GitHub\Api_SprintBoot\src\main\java\com\hospital\backend\medical\entity\Prescription.java
C:\Users\Admin\Documents\GitHub\Api_SprintBoot\src\main\java\com\hospital\backend\medical\repository\MedicalAttachmentRepository.java
C:\Users\Admin\Documents\GitHub\Api_SprintBoot\src\main\java\com\hospital\backend\medical\repository\MedicalRecordRepository.java
C:\Users\Admin\Documents\GitHub\Api_SprintBoot\src\main\java\com\hospital\backend\medical\repository\PrescriptionRepository.java
C:\Users\Admin\Documents\GitHub\Api_SprintBoot\src\main\java\com\hospital\backend\medical\service\MedicalAttachmentService.java
C:\Users\Admin\Documents\GitHub\Api_SprintBoot\src\main\java\com\hospital\backend\medical\service\MedicalRecordService.java
C:\Users\Admin\Documents\GitHub\Api_SprintBoot\src\main\java\com\hospital\backend\medical\service\PrescriptionService.java
C:\Users\Admin\Documents\GitHub\Api_SprintBoot\src\main\java\com\hospital\backend\notification\controller\NotificationController.java
C:\Users\Admin\Documents\GitHub\Api_SprintBoot\src\main\java\com\hospital\backend\notification\dto\request\BulkNotificationRequest.java
C:\Users\Admin\Documents\GitHub\Api_SprintBoot\src\main\java\com\hospital\backend\notification\dto\request\CreateNotificationRequest.java
C:\Users\Admin\Documents\GitHub\Api_SprintBoot\src\main\java\com\hospital\backend\notification\dto\request\UpdateNotificationRequest.java
C:\Users\Admin\Documents\GitHub\Api_SprintBoot\src\main\java\com\hospital\backend\notification\dto\response\NotificationCountResponse.java
C:\Users\Admin\Documents\GitHub\Api_SprintBoot\src\main\java\com\hospital\backend\notification\dto\response\NotificationResponse.java
C:\Users\Admin\Documents\GitHub\Api_SprintBoot\src\main\java\com\hospital\backend\notification\entity\Notification.java
C:\Users\Admin\Documents\GitHub\Api_SprintBoot\src\main\java\com\hospital\backend\notification\repository\NotificationRepository.java
C:\Users\Admin\Documents\GitHub\Api_SprintBoot\src\main\java\com\hospital\backend\notification\service\EmailService.java
C:\Users\Admin\Documents\GitHub\Api_SprintBoot\src\main\java\com\hospital\backend\notification\service\NotificationService.java
C:\Users\Admin\Documents\GitHub\Api_SprintBoot\src\main\java\com\hospital\backend\notification\service\PushNotificationService.java
C:\Users\Admin\Documents\GitHub\Api_SprintBoot\src\main\java\com\hospital\backend\payment\controller\PaymentController.java
C:\Users\Admin\Documents\GitHub\Api_SprintBoot\src\main\java\com\hospital\backend\payment\dto\CreatePaymentRequest.java
C:\Users\Admin\Documents\GitHub\Api_SprintBoot\src\main\java\com\hospital\backend\payment\dto\PaymentResponse.java
C:\Users\Admin\Documents\GitHub\Api_SprintBoot\src\main\java\com\hospital\backend\payment\dto\PaymentSummaryResponse.java
C:\Users\Admin\Documents\GitHub\Api_SprintBoot\src\main\java\com\hospital\backend\payment\entity\Payment.java
C:\Users\Admin\Documents\GitHub\Api_SprintBoot\src\main\java\com\hospital\backend\payment\repository\PaymentRepository.java
C:\Users\Admin\Documents\GitHub\Api_SprintBoot\src\main\java\com\hospital\backend\payment\service\PaymentService.java
C:\Users\Admin\Documents\GitHub\Api_SprintBoot\src\main\java\com\hospital\backend\security\CustomUserDetailsService.java
C:\Users\Admin\Documents\GitHub\Api_SprintBoot\src\main\java\com\hospital\backend\security\JwtAuthenticationFilter.java
C:\Users\Admin\Documents\GitHub\Api_SprintBoot\src\main\java\com\hospital\backend\security\JwtTokenProvider.java
C:\Users\Admin\Documents\GitHub\Api_SprintBoot\src\main\java\com\hospital\backend\security\service\AppointmentSecurityService.java
C:\Users\Admin\Documents\GitHub\Api_SprintBoot\src\main\java\com\hospital\backend\security\service\SecurityService.java
C:\Users\Admin\Documents\GitHub\Api_SprintBoot\src\main\java\com\hospital\backend\security\UserPrincipal.java
C:\Users\Admin\Documents\GitHub\Api_SprintBoot\src\main\java\com\hospital\backend\user\controller\DoctorController.java
C:\Users\Admin\Documents\GitHub\Api_SprintBoot\src\main\java\com\hospital\backend\user\controller\PatientController.java
C:\Users\Admin\Documents\GitHub\Api_SprintBoot\src\main\java\com\hospital\backend\user\dto\request\CreateDoctorRequest.java
C:\Users\Admin\Documents\GitHub\Api_SprintBoot\src\main\java\com\hospital\backend\user\dto\request\CreatePatientRequest.java
C:\Users\Admin\Documents\GitHub\Api_SprintBoot\src\main\java\com\hospital\backend\user\dto\request\DoctorAvailabilityRequest.java
C:\Users\Admin\Documents\GitHub\Api_SprintBoot\src\main\java\com\hospital\backend\user\dto\request\UpdatePatientRequest.java
C:\Users\Admin\Documents\GitHub\Api_SprintBoot\src\main\java\com\hospital\backend\user\dto\response\DoctorAvailabilityResponse.java
C:\Users\Admin\Documents\GitHub\Api_SprintBoot\src\main\java\com\hospital\backend\user\dto\response\DoctorResponse.java
C:\Users\Admin\Documents\GitHub\Api_SprintBoot\src\main\java\com\hospital\backend\user\dto\response\PatientResponse.java
C:\Users\Admin\Documents\GitHub\Api_SprintBoot\src\main\java\com\hospital\backend\user\entity\Doctor.java
C:\Users\Admin\Documents\GitHub\Api_SprintBoot\src\main\java\com\hospital\backend\user\entity\DoctorAvailability.java
C:\Users\Admin\Documents\GitHub\Api_SprintBoot\src\main\java\com\hospital\backend\user\entity\DoctorSchedule.java
C:\Users\Admin\Documents\GitHub\Api_SprintBoot\src\main\java\com\hospital\backend\user\entity\DoctorSpecialty.java
C:\Users\Admin\Documents\GitHub\Api_SprintBoot\src\main\java\com\hospital\backend\user\entity\Patient.java
C:\Users\Admin\Documents\GitHub\Api_SprintBoot\src\main\java\com\hospital\backend\user\repository\DoctorAvailabilityRepository.java
C:\Users\Admin\Documents\GitHub\Api_SprintBoot\src\main\java\com\hospital\backend\user\repository\DoctorRepository.java
C:\Users\Admin\Documents\GitHub\Api_SprintBoot\src\main\java\com\hospital\backend\user\repository\DoctorScheduleRepository.java
C:\Users\Admin\Documents\GitHub\Api_SprintBoot\src\main\java\com\hospital\backend\user\repository\DoctorSpecialtyRepository.java
C:\Users\Admin\Documents\GitHub\Api_SprintBoot\src\main\java\com\hospital\backend\user\repository\PatientRepository.java
C:\Users\Admin\Documents\GitHub\Api_SprintBoot\src\main\java\com\hospital\backend\user\service\DoctorAvailabilityService.java
C:\Users\Admin\Documents\GitHub\Api_SprintBoot\src\main\java\com\hospital\backend\user\service\DoctorService.java
C:\Users\Admin\Documents\GitHub\Api_SprintBoot\src\main\java\com\hospital\backend\user\service\PatientService.java
